// Jest Snapshot v1, https://goo.gl/fbAQLP

exports[`Check snapshot of the component should take a snapshot 1`] = `
<DocumentFragment>
  <div>
    <h2>
      Counter
    </h2>
    <div>
      <button
        data-testid="button-decrement"
      >
        -
      </button>
      <span
        data-testid="count"
      >
        0
      </span>
      <button
        data-testid="button-increment"
      >
        +
      </button>
    </div>
  </div>
</DocumentFragment>
`;
